
> temp-app@0.1.0 build
> next build

node.exe : ΓÜá Warning: Next.js inferred your workspace root, but it may not be 
correct.
At line:1 char:1
+ & "C:\Program Files\nodejs/node.exe" "C:\Program Files\nodejs/node_mo ...
+ ~~~~~~~~~~~~~~~~~~~~~~~~~~~~~~~~~~~~~~~~~~~~~~~~~~~~~~~~~~~~~~~~~~~~~
    + CategoryInfo          : NotSpecified: (ΓÜá Warning: Ne...not be correct.: 
   String) [], RemoteException
    + FullyQualifiedErrorId : NativeCommandError
 
 We detected multiple lockfiles and selected the directory of C:\Users\Shashwat 
Upadhyay\OneDrive\Desktop\pnpm-lock.yaml as the root directory.
 To silence this warning, set `turbopack.root` in your Next.js config, or 
consider removing one of the lockfiles if it's not needed.
   See https://nextjs.org/docs/app/api-reference/config/next-config-js/turbopack
#root-directory for more information.
 Detected additional lockfiles: 
   * C:\Users\Shashwat Upadhyay\OneDrive\Desktop\Sargam\package-lock.json

Γû▓ Next.js 16.1.6 (Turbopack)

  Running TypeScript ...
Failed to compile.

./src/pages/room/[id].tsx:31:30
Type error: 'ReactPlayer' refers to a value, but is being used as a type here. 
Did you mean 'typeof ReactPlayer'?

[0m [90m 29 |[39m     [36mconst[39m localVideoRef [33m=[39m useRef[33m<
[39m[33mHTMLVideoElement[39m[33m>[39m([36mnull[39m)[33m;[39m
 [90m 30 |[39m     [36mconst[39m remoteVideoRef [33m=[39m useRef[33m<[39
m[33mHTMLVideoElement[39m[33m>[39m([36mnull[39m)[33m;[39m
[31m[1m>[22m[39m[90m 31 |[39m     [36mconst[39m playerRef [33m=[39m 
useRef[33m<[39m[33mReactPlayer[39m[33m>[39m([36mnull[39m)[33m;[39m
 [90m    |[39m                              [31m[1m^[22m[39m
 [90m 32 |[39m     [36mconst[39m peerRef [33m=[39m 
useRef[33m<[39m[33many[39m[33m>[39m([36mnull[39m)[33m;[39m [90m// 
simple-peer[39m
 [90m 33 |[39m     [36mconst[39m currentUsername [33m=[39m 
[36mtypeof[39m window [33m!==[39m [32m'undefined'[39m [33m?[39m 
localStorage[33m.[39mgetItem([32m'sargamUsername'[39m) [33m||[39m 
[32m'Sargam'[39m [33m:[39m [32m'Sargam'[39m[33m;[39m
 [90m 34 |[39m[0m
Next.js build worker exited with code: 1 and signal: null
